// Jest Snapshot v1, https://goo.gl/fbAQLP

exports[`example is loaded GET returns 200 1`] = `
Object {
  "code": "178172127981",
  "cognome": "Example",
  "nome": "Hello",
}
`;

exports[`example is loaded POST returns 404 1`] = `"{\\"message\\":\\"Route POST:/ not found\\",\\"error\\":\\"Not Found\\",\\"statusCode\\":404}"`;
